
> react-kavia@0.1.0 start
> react-scripts start

Attempting to bind to HOST environment variable: 0.0.0.0
If this was unintentional, check that you haven't mistakenly set it in your shell.
Learn more here: https://cra.link/advanced-config

(node:9921) [DEP_WEBPACK_DEV_SERVER_ON_AFTER_SETUP_MIDDLEWARE] DeprecationWarning: 'onAfterSetupMiddleware' option is deprecated. Please use the 'setupMiddlewares' option.
(Use `node --trace-deprecation ...` to show where the warning was created)
(node:9921) [DEP_WEBPACK_DEV_SERVER_ON_BEFORE_SETUP_MIDDLEWARE] DeprecationWarning: 'onBeforeSetupMiddleware' option is deprecated. Please use the 'setupMiddlewares' option.
Starting the development server...

Compiled successfully!

You can now view react-kavia in the browser.

  Local:            http://localhost:3000
  On Your Network:  http://172.17.0.2:3000

Note that the development build is not optimized.
To create a production build, use npm run build.

webpack compiled successfully
Compiling...
Failed to compile.

Module not found: Error: Can't resolve './widgets/NotificationWidget' in '/home/kavia/workspace/code-generation/codegalaxy-95315-95340/devarena_frontend/src'
ERROR in ./src/App.js 17:0-62
Module not found: Error: Can't resolve './widgets/NotificationWidget' in '/home/kavia/workspace/code-generation/codegalaxy-95315-95340/devarena_frontend/src'

webpack compiled with 1 error
Compiling...
Compiled successfully!
webpack compiled successfully
Compiling...
Compiled successfully!
webpack compiled successfully
Compiling...
Compiled successfully!
webpack compiled successfully
Compiling...
Compiled with warnings.

[eslint] 
src/App.js
  Line 14:8:  'PRBoard' is defined but never used        no-unused-vars
  Line 15:8:  'RuleManager' is defined but never used    no-unused-vars
  Line 16:8:  'DisputeCenter' is defined but never used  no-unused-vars
  Line 17:8:  'UserProfile' is defined but never used    no-unused-vars

src/pages/PRBoard.js
  Line 19:11:  'user' is assigned a value but never used  no-unused-vars

Search for the keywords to learn more about each warning.
To ignore, add // eslint-disable-next-line to the line before.

WARNING in [eslint] 
src/App.js
  Line 14:8:  'PRBoard' is defined but never used        no-unused-vars
  Line 15:8:  'RuleManager' is defined but never used    no-unused-vars
  Line 16:8:  'DisputeCenter' is defined but never used  no-unused-vars
  Line 17:8:  'UserProfile' is defined but never used    no-unused-vars

src/pages/PRBoard.js
  Line 19:11:  'user' is assigned a value but never used  no-unused-vars

webpack compiled with 1 warning
Compiling...
Compiled with warnings.

[eslint] 
src/pages/PRBoard.js
  Line 19:11:  'user' is assigned a value but never used  no-unused-vars

Search for the keywords to learn more about each warning.
To ignore, add // eslint-disable-next-line to the line before.

WARNING in [eslint] 
src/pages/PRBoard.js
  Line 19:11:  'user' is assigned a value but never used  no-unused-vars

webpack compiled with 1 warning
Compiling...
Compiled with warnings.

[eslint] 
src/pages/PRBoard.js
  Line 19:11:  'user' is assigned a value but never used  no-unused-vars

Search for the keywords to learn more about each warning.
To ignore, add // eslint-disable-next-line to the line before.

WARNING in [eslint] 
src/pages/PRBoard.js
  Line 19:11:  'user' is assigned a value but never used  no-unused-vars

webpack compiled with 1 warning
